 Map(r -> Some(Node({"a":{"b":99,"c":"ccc"},"d":{"c":11},"e":88},root,false,None,0)), a -> Some(Node({"b":99,"c":"ccc"},a,false,None,0)), b -> Some(Node(99,b,false,None,0)), c -> Some(Node(ccc,c,false,None,0))) Map(r -> Some(Node({"a":{"b":99,"c":"ccc"},"d":{"c":11},"e":88},root,false,None,0)), a -> Some(Node({"c":11},d,false,None,1)), b -> None, c -> Some(Node(11,c,false,None,0)))