>> <codeSystem>
		<extension url="ext:groupName">
			<valueString value="EXA"/>
		</extension>
		<extension url="ext:resourceId">
			<valueString value="classif-1"/>
		</extension>
		<extension url="ext:language">
			
			<valueCode value="de"/>
		</extension>
		
		<system value="http://test/vs/classif-1"/>
		<version value="2016-01-01"/>
		<concept>
			<code value="1"/>
			<concept>
				<code value="2"/>
				<display value="aa bb cc"/>
				<designation>
					<value value="aa"/>
				</designation>
			</concept>
			<concept>
				<code value="3"/>
				<display value="dd ee ff"/>
			</concept>
		</concept>
	</codeSystem>
>> <extension url="ext:groupName">
			<valueString value="EXA"/>
		</extension>
>> <valueString value="EXA"/>
>> <extension url="ext:resourceId">
			<valueString value="classif-1"/>
		</extension>
>> <valueString value="classif-1"/>
>> <extension url="ext:language">
			
			<valueCode value="de"/>
		</extension>
>> <valueCode value="de"/>
>> <system value="http://test/vs/classif-1"/>
>> <version value="2016-01-01"/>
>> <concept>
			<code value="1"/>
			<concept>
				<code value="2"/>
				<display value="aa bb cc"/>
				<designation>
					<value value="aa"/>
				</designation>
			</concept>
			<concept>
				<code value="3"/>
				<display value="dd ee ff"/>
			</concept>
		</concept>
>> <code value="1"/>
>> <concept>
				<code value="2"/>
				<display value="aa bb cc"/>
				<designation>
					<value value="aa"/>
				</designation>
			</concept>
>> <code value="2"/>
>> <display value="aa bb cc"/>
>> <designation>
					<value value="aa"/>
				</designation>
>> <value value="aa"/>
>> <concept>
				<code value="3"/>
				<display value="dd ee ff"/>
			</concept>
>> <code value="3"/>
>> <display value="dd ee ff"/>
