Map(v -> Some(Node({"author":"Nigel Rees","price":8.95,"onStock":true,"category":"reference","title":"Sayings of the Century"},0,false,None,5)), o -> Some(Node(Sayings of the Century,title,false,None,0))) | Node(Sayings of the Century,title,false,None,0) >>> Map(v -> Some(Node({"author":"Evelyn Waugh","price":12,"onStock":false,"category":"fiction","title":"Sword of Honour"},1,false,None,11)), o -> Some(Node(Sword of Honour,title,false,None,0))) | Node(Sword of Honour,title,false,None,1) >>> 